=
info move E5 visits 22 edgeVisits 22 utility -0.802369 winrate 0.101734 scoreMean -0.465371 scoreStdev 8.31514 scoreLead -0.465371 scoreSelfplay -1.78822 prior 0.581668 lcb 0.0939247 utilityLcb -0.824234 weight 42.8249 order 0 pv E5 E3 C4 D7 info move F5 visits 7 edgeVisits 7 utility -0.77641 winrate 0.11694 scoreMean -0.291016 scoreStdev 7.15948 scoreLead -0.291016 scoreSelfplay -1.51289 prior 0.086174 lcb 0.0617478 utilityLcb -0.930949 weight 12.6838 order 1 pv F5 D5 E7 D3 C6 info move D5 visits 7 edgeVisits 7 utility -0.77641 winrate 0.11694 scoreMean -0.291016 scoreStdev 7.15948 scoreLead -0.291016 scoreSelfplay -1.51289 prior 0.086174 lcb 0.0617478 utilityLcb -0.930949 weight 12.6838 isSymmetryOf F5 order 2 pv D5 F5 E7 F3 G6 info move E4 visits 7 edgeVisits 7 utility -0.77641 winrate 0.11694 scoreMean -0.291016 scoreStdev 7.15948 scoreLead -0.291016 scoreSelfplay -1.51289 prior 0.086174 lcb 0.0617478 utilityLcb -0.930949 weight 12.6838 isSymmetryOf F5 order 3 pv E4 E6 C5 G6 D7 info move E6 visits 7 edgeVisits 7 utility -0.77641 winrate 0.11694 scoreMean -0.291016 scoreStdev 7.15948 scoreLead -0.291016 scoreSelfplay -1.51289 prior 0.086174 lcb 0.0617478 utilityLcb -0.930949 weight 12.6838 isSymmetryOf F5 order 4 pv E6 E4 C5 G4 D3
play E5

= 

=
info move C5 visits 15 edgeVisits 15 utility -0.804854 winrate 0.114217 scoreMean -1.00242 scoreStdev 8.46033 scoreLead -1.00242 scoreSelfplay -2.53781 prior 0.166249 lcb 0.0895153 utilityLcb -0.874019 weight 26.4444 order 0 pv C5 C4 G4 info move G5 visits 15 edgeVisits 15 utility -0.804854 winrate 0.114217 scoreMean -1.00242 scoreStdev 8.46033 scoreLead -1.00242 scoreSelfplay -2.53781 prior 0.166249 lcb 0.0895153 utilityLcb -0.874019 weight 26.4444 isSymmetryOf C5 order 1 pv G5 G4 C4 info move E7 visits 15 edgeVisits 15 utility -0.804854 winrate 0.114217 scoreMean -1.00242 scoreStdev 8.46033 scoreLead -1.00242 scoreSelfplay -2.53781 prior 0.166249 lcb 0.0895153 utilityLcb -0.874019 weight 26.4444 isSymmetryOf C5 order 2 pv E7 F7 F3 info move E3 visits 15 edgeVisits 15 utility -0.804854 winrate 0.114217 scoreMean -1.00242 scoreStdev 8.46033 scoreLead -1.00242 scoreSelfplay -2.53781 prior 0.166249 lcb 0.0895153 utilityLcb -0.874019 weight 26.4444 isSymmetryOf C5 order 3 pv E3 F3 F7 info move C4 visits 1 edgeVisits 1 utility -0.826857 winrate 0.10318 scoreMean -0.725044 scoreStdev 9.08458 scoreLead -0.725044 scoreSelfplay -2.61418 prior 0.0157451 lcb -1.14682 utilityLcb -4.32686 weight 1.89857 order 4 pv C4 info move C6 visits 1 edgeVisits 1 utility -0.826857 winrate 0.10318 scoreMean -0.725044 scoreStdev 9.08458 scoreLead -0.725044 scoreSelfplay -2.61418 prior 0.0157451 lcb -1.14682 utilityLcb -4.32686 weight 1.89857 isSymmetryOf C4 order 5 pv C6 info move G4 visits 1 edgeVisits 1 utility -0.826857 winrate 0.10318 scoreMean -0.725044 scoreStdev 9.08458 scoreLead -0.725044 scoreSelfplay -2.61418 prior 0.0157451 lcb -1.14682 utilityLcb -4.32686 weight 1.89857 isSymmetryOf C4 order 6 pv G4 info move G6 visits 1 edgeVisits 1 utility -0.826857 winrate 0.10318 scoreMean -0.725044 scoreStdev 9.08458 scoreLead -0.725044 scoreSelfplay -2.61418 prior 0.0157451 lcb -1.14682 utilityLcb -4.32686 weight 1.89857 isSymmetryOf C4 order 7 pv G6 info move F7 visits 1 edgeVisits 1 utility -0.826857 winrate 0.10318 scoreMean -0.725044 scoreStdev 9.08458 scoreLead -0.725044 scoreSelfplay -2.61418 prior 0.0157451 lcb -1.14682 utilityLcb -4.32686 weight 1.89857 isSymmetryOf C4 order 8 pv F7 info move D7 visits 1 edgeVisits 1 utility -0.826857 winrate 0.10318 scoreMean -0.725044 scoreStdev 9.08458 scoreLead -0.725044 scoreSelfplay -2.61418 prior 0.0157451 lcb -1.14682 utilityLcb -4.32686 weight 1.89857 isSymmetryOf C4 order 9 pv D7 info move F3 visits 1 edgeVisits 1 utility -0.826857 winrate 0.10318 scoreMean -0.725044 scoreStdev 9.08458 scoreLead -0.725044 scoreSelfplay -2.61418 prior 0.0157451 lcb -1.14682 utilityLcb -4.32686 weight 1.89857 isSymmetryOf C4 order 10 pv F3 info move D3 visits 1 edgeVisits 1 utility -0.826857 winrate 0.10318 scoreMean -0.725044 scoreStdev 9.08458 scoreLead -0.725044 scoreSelfplay -2.61418 prior 0.0157451 lcb -1.14682 utilityLcb -4.32686 weight 1.89857 isSymmetryOf C4 order 11 pv D3 info move C3 visits 1 edgeVisits 1 utility -0.883877 winrate 0.0817529 scoreMean -1.21932 scoreStdev 8.63037 scoreLead -1.21932 scoreSelfplay -3.31245 prior 0.0083781 lcb -1.16825 utilityLcb -4.38388 weight 1.99575 order 12 pv C3 info move C7 visits 1 edgeVisits 1 utility -0.883877 winrate 0.0817529 scoreMean -1.21932 scoreStdev 8.63037 scoreLead -1.21932 scoreSelfplay -3.31245 prior 0.0083781 lcb -1.16825 utilityLcb -4.38388 weight 1.99575 isSymmetryOf C3 order 13 pv C7 info move G3 visits 1 edgeVisits 1 utility -0.883877 winrate 0.0817529 scoreMean -1.21932 scoreStdev 8.63037 scoreLead -1.21932 scoreSelfplay -3.31245 prior 0.0083781 lcb -1.16825 utilityLcb -4.38388 weight 1.99575 isSymmetryOf C3 order 14 pv G3 info move G7 visits 1 edgeVisits 1 utility -0.883877 winrate 0.0817529 scoreMean -1.21932 scoreStdev 8.63037 scoreLead -1.21932 scoreSelfplay -3.31245 prior 0.0083781 lcb -1.16825 utilityLcb -4.38388 weight 1.99575 isSymmetryOf C3 order 15 pv G7 info move D4 visits 1 edgeVisits 1 utility -0.941337 winrate 0.0577122 scoreMean -1.70331 scoreStdev 8.5297 scoreLead -1.70331 scoreSelfplay -3.79227 prior 0.000465519 lcb -1.19229 utilityLcb -4.44134 weight 2.16731 order 16 pv D4 info move D6 visits 1 edgeVisits 1 utility -0.941337 winrate 0.0577122 scoreMean -1.70331 scoreStdev 8.5297 scoreLead -1.70331 scoreSelfplay -3.79227 prior 0.000465519 lcb -1.19229 utilityLcb -4.44134 weight 2.16731 isSymmetryOf D4 order 17 pv D6 info move F4 visits 1 edgeVisits 1 utility -0.941337 winrate 0.0577122 scoreMean -1.70331 scoreStdev 8.5297 scoreLead -1.70331 scoreSelfplay -3.79227 prior 0.000465519 lcb -1.19229 utilityLcb -4.44134 weight 2.16731 isSymmetryOf D4 order 18 pv F4 info move F6 visits 1 edgeVisits 1 utility -0.941337 winrate 0.0577122 scoreMean -1.70331 scoreStdev 8.5297 scoreLead -1.70331 scoreSelfplay -3.79227 prior 0.000465519 lcb -1.19229 utilityLcb -4.44134 weight 2.16731 isSymmetryOf D4 order 19 pv F6 info move B5 visits 1 edgeVisits 1 utility -0.994442 winrate 0.0386388 scoreMean -2.60581 scoreStdev 7.52484 scoreLead -2.60581 scoreSelfplay -4.37673 prior 0.000361466 lcb -1.21136 utilityLcb -4.49444 weight 2.51011 order 20 pv B5 info move H5 visits 1 edgeVisits 1 utility -0.994442 winrate 0.0386388 scoreMean -2.60581 scoreStdev 7.52484 scoreLead -2.60581 scoreSelfplay -4.37673 prior 0.000361466 lcb -1.21136 utilityLcb -4.49444 weight 2.51011 isSymmetryOf B5 order 21 pv H5 info move E8 visits 1 edgeVisits 1 utility -0.994442 winrate 0.0386388 scoreMean -2.60581 scoreStdev 7.52484 scoreLead -2.60581 scoreSelfplay -4.37673 prior 0.000361466 lcb -1.21136 utilityLcb -4.49444 weight 2.51011 isSymmetryOf B5 order 22 pv E8 info move E2 visits 1 edgeVisits 1 utility -0.994442 winrate 0.0386388 scoreMean -2.60581 scoreStdev 7.52484 scoreLead -2.60581 scoreSelfplay -4.37673 prior 0.000361466 lcb -1.21136 utilityLcb -4.49444 weight 2.51011 isSymmetryOf B5 order 23 pv E2 info move D5 visits 1 edgeVisits 1 utility -0.972916 winrate 0.0459734 scoreMean -1.88617 scoreStdev 7.77964 scoreLead -1.88617 scoreSelfplay -4.07896 prior 0.000139329 lcb -1.20403 utilityLcb -4.47292 weight 3.75546 order 24 pv D5 info move F5 visits 1 edgeVisits 1 utility -0.972916 winrate 0.0459734 scoreMean -1.88617 scoreStdev 7.77964 scoreLead -1.88617 scoreSelfplay -4.07896 prior 0.000139329 lcb -1.20403 utilityLcb -4.47292 weight 3.75546 isSymmetryOf D5 order 25 pv F5 info move E6 visits 1 edgeVisits 1 utility -0.972916 winrate 0.0459734 scoreMean -1.88617 scoreStdev 7.77964 scoreLead -1.88617 scoreSelfplay -4.07896 prior 0.000139329 lcb -1.20403 utilityLcb -4.47292 weight 3.75546 isSymmetryOf D5 order 26 pv E6 info move E4 visits 1 edgeVisits 1 utility -0.972916 winrate 0.0459734 scoreMean -1.88617 scoreStdev 7.77964 scoreLead -1.88617 scoreSelfplay -4.07896 prior 0.000139329 lcb -1.20403 utilityLcb -4.47292 weight 3.75546 isSymmetryOf D5 order 27 pv E4 info move B4 visits 1 edgeVisits 1 utility -1.03623 winrate 0.0226517 scoreMean -3.31955 scoreStdev 6.47507 scoreLead -3.31955 scoreSelfplay -4.63097 prior 0.000104561 lcb -1.22735 utilityLcb -4.53623 weight 3.14606 order 28 pv B4 info move B6 visits 1 edgeVisits 1 utility -1.03623 winrate 0.0226517 scoreMean -3.31955 scoreStdev 6.47507 scoreLead -3.31955 scoreSelfplay -4.63097 prior 0.000104561 lcb -1.22735 utilityLcb -4.53623 weight 3.14606 isSymmetryOf B4 order 29 pv B6 info move H4 visits 1 edgeVisits 1 utility -1.03623 winrate 0.0226517 scoreMean -3.31955 scoreStdev 6.47507 scoreLead -3.31955 scoreSelfplay -4.63097 prior 0.000104561 lcb -1.22735 utilityLcb -4.53623 weight 3.14606 isSymmetryOf B4 order 30 pv H4 info move H6 visits 1 edgeVisits 1 utility -1.03623 winrate 0.0226517 scoreMean -3.31955 scoreStdev 6.47507 scoreLead -3.31955 scoreSelfplay -4.63097 prior 0.000104561 lcb -1.22735 utilityLcb -4.53623 weight 3.14606 isSymmetryOf B4 order 31 pv H6 info move F8 visits 1 edgeVisits 1 utility -1.03623 winrate 0.0226517 scoreMean -3.31955 scoreStdev 6.47507 scoreLead -3.31955 scoreSelfplay -4.63097 prior 0.000104561 lcb -1.22735 utilityLcb -4.53623 weight 3.14606 isSymmetryOf B4 order 32 pv F8 info move D8 visits 1 edgeVisits 1 utility -1.03623 winrate 0.0226517 scoreMean -3.31955 scoreStdev 6.47507 scoreLead -3.31955 scoreSelfplay -4.63097 prior 0.000104561 lcb -1.22735 utilityLcb -4.53623 weight 3.14606 isSymmetryOf B4 order 33 pv D8 info move F2 visits 1 edgeVisits 1 utility -1.03623 winrate 0.0226517 scoreMean -3.31955 scoreStdev 6.47507 scoreLead -3.31955 scoreSelfplay -4.63097 prior 0.000104561 lcb -1.22735 utilityLcb -4.53623 weight 3.14606 isSymmetryOf B4 order 34 pv F2 info move D2 visits 1 edgeVisits 1 utility -1.03623 winrate 0.0226517 scoreMean -3.31955 scoreStdev 6.47507 scoreLead -3.31955 scoreSelfplay -4.63097 prior 0.000104561 lcb -1.22735 utilityLcb -4.53623 weight 3.14606 isSymmetryOf B4 order 35 pv D2 info move B3 visits 1 edgeVisits 1 utility -1.05709 winrate 0.0165403 scoreMean -4.06567 scoreStdev 6.08419 scoreLead -4.06567 scoreSelfplay -4.95223 prior 7.47112e-05 lcb -1.23346 utilityLcb -4.55709 weight 3.5748 order 36 pv B3 info move B7 visits 1 edgeVisits 1 utility -1.05709 winrate 0.0165403 scoreMean -4.06567 scoreStdev 6.08419 scoreLead -4.06567 scoreSelfplay -4.95223 prior 7.47112e-05 lcb -1.23346 utilityLcb -4.55709 weight 3.5748 isSymmetryOf B3 order 37 pv B7 info move H3 visits 1 edgeVisits 1 utility -1.05709 winrate 0.0165403 scoreMean -4.06567 scoreStdev 6.08419 scoreLead -4.06567 scoreSelfplay -4.95223 prior 7.47112e-05 lcb -1.23346 utilityLcb -4.55709 weight 3.5748 isSymmetryOf B3 order 38 pv H3 info move H7 visits 1 edgeVisits 1 utility -1.05709 winrate 0.0165403 scoreMean -4.06567 scoreStdev 6.08419 scoreLead -4.06567 scoreSelfplay -4.95223 prior 7.47112e-05 lcb -1.23346 utilityLcb -4.55709 weight 3.5748 isSymmetryOf B3 order 39 pv H7 info move G8 visits 1 edgeVisits 1 utility -1.05709 winrate 0.0165403 scoreMean -4.06567 scoreStdev 6.08419 scoreLead -4.06567 scoreSelfplay -4.95223 prior 7.47112e-05 lcb -1.23346 utilityLcb -4.55709 weight 3.5748 isSymmetryOf B3 order 40 pv G8 info move C8 visits 1 edgeVisits 1 utility -1.05709 winrate 0.0165403 scoreMean -4.06567 scoreStdev 6.08419 scoreLead -4.06567 scoreSelfplay -4.95223 prior 7.47112e-05 lcb -1.23346 utilityLcb -4.55709 weight 3.5748 isSymmetryOf B3 order 41 pv C8 info move G2 visits 1 edgeVisits 1 utility -1.05709 winrate 0.0165403 scoreMean -4.06567 scoreStdev 6.08419 scoreLead -4.06567 scoreSelfplay -4.95223 prior 7.47112e-05 lcb -1.23346 utilityLcb -4.55709 weight 3.5748 isSymmetryOf B3 order 42 pv G2 info move C2 visits 1 edgeVisits 1 utility -1.05709 winrate 0.0165403 scoreMean -4.06567 scoreStdev 6.08419 scoreLead -4.06567 scoreSelfplay -4.95223 prior 7.47112e-05 lcb -1.23346 utilityLcb -4.55709 weight 3.5748 isSymmetryOf B3 order 43 pv C2 info move pass visits 1 edgeVisits 1 utility -1.20361 winrate 0.000391019 scoreMean -10.7962 scoreStdev 3.92542 scoreLead -10.7962 scoreSelfplay -10.5427 prior 6.5803e-05 lcb -1.24961 utilityLcb -4.70361 weight 7.098 order 44 pv pass info move B2 visits 1 edgeVisits 1 utility -1.09115 winrate 0.0149472 scoreMean -5.40129 scoreStdev 5.41279 scoreLead -5.40129 scoreSelfplay -6.2619 prior 5.36166e-05 lcb -1.23505 utilityLcb -4.59115 weight 5.23502 order 45 pv B2 info move B8 visits 1 edgeVisits 1 utility -1.09115 winrate 0.0149472 scoreMean -5.40129 scoreStdev 5.41279 scoreLead -5.40129 scoreSelfplay -6.2619 prior 5.36166e-05 lcb -1.23505 utilityLcb -4.59115 weight 5.23502 isSymmetryOf B2 order 46 pv B8 info move H2 visits 1 edgeVisits 1 utility -1.09115 winrate 0.0149472 scoreMean -5.40129 scoreStdev 5.41279 scoreLead -5.40129 scoreSelfplay -6.2619 prior 5.36166e-05 lcb -1.23505 utilityLcb -4.59115 weight 5.23502 isSymmetryOf B2 order 47 pv H2 info move H8 visits 1 edgeVisits 1 utility -1.09115 winrate 0.0149472 scoreMean -5.40129 scoreStdev 5.41279 scoreLead -5.40129 scoreSelfplay -6.2619 prior 5.36166e-05 lcb -1.23505 utilityLcb -4.59115 weight 5.23502 isSymmetryOf B2 order 48 pv H8 info move A1 visits 1 edgeVisits 1 utility -1.19301 winrate 0.00173039 scoreMean -10.3592 scoreStdev 4.8111 scoreLead -10.3592 scoreSelfplay -10.3825 prior 4.10356e-05 lcb -1.24827 utilityLcb -4.69301 weight 6.96151 order 49 pv A1 info move A9 visits 1 edgeVisits 1 utility -1.19301 winrate 0.00173039 scoreMean -10.3592 scoreStdev 4.8111 scoreLead -10.3592 scoreSelfplay -10.3825 prior 4.10356e-05 lcb -1.24827 utilityLcb -4.69301 weight 6.96151 isSymmetryOf A1 order 50 pv A9 info move J1 visits 1 edgeVisits 1 utility -1.19301 winrate 0.00173039 scoreMean -10.3592 scoreStdev 4.8111 scoreLead -10.3592 scoreSelfplay -10.3825 prior 4.10356e-05 lcb -1.24827 utilityLcb -4.69301 weight 6.96151 isSymmetryOf A1 order 51 pv J1 info move J9 visits 1 edgeVisits 1 utility -1.19301 winrate 0.00173039 scoreMean -10.3592 scoreStdev 4.8111 scoreLead -10.3592 scoreSelfplay -10.3825 prior 4.10356e-05 lcb -1.24827 utilityLcb -4.69301 weight 6.96151 isSymmetryOf A1 order 52 pv J9 info move A3 visits 1 edgeVisits 1 utility -1.13636 winrate 0.00875807 scoreMean -7.49774 scoreStdev 5.0885 scoreLead -7.49774 scoreSelfplay -7.86529 prior 3.73519e-05 lcb -1.24124 utilityLcb -4.63636 weight 6.25957 order 53 pv A3 info move A7 visits 1 edgeVisits 1 utility -1.13636 winrate 0.00875807 scoreMean -7.49774 scoreStdev 5.0885 scoreLead -7.49774 scoreSelfplay -7.86529 prior 3.73519e-05 lcb -1.24124 utilityLcb -4.63636 weight 6.25957 isSymmetryOf A3 order 54 pv A7 info move J3 visits 1 edgeVisits 1 utility -1.13636 winrate 0.00875807 scoreMean -7.49774 scoreStdev 5.0885 scoreLead -7.49774 scoreSelfplay -7.86529 prior 3.73519e-05 lcb -1.24124 utilityLcb -4.63636 weight 6.25957 isSymmetryOf A3 order 55 pv J3 info move J7 visits 1 edgeVisits 1 utility -1.13636 winrate 0.00875807 scoreMean -7.49774 scoreStdev 5.0885 scoreLead -7.49774 scoreSelfplay -7.86529 prior 3.73519e-05 lcb -1.24124 utilityLcb -4.63636 weight 6.25957 isSymmetryOf A3 order 56 pv J7 info move G9 visits 1 edgeVisits 1 utility -1.13636 winrate 0.00875807 scoreMean -7.49774 scoreStdev 5.0885 scoreLead -7.49774 scoreSelfplay -7.86529 prior 3.73519e-05 lcb -1.24124 utilityLcb -4.63636 weight 6.25957 isSymmetryOf A3 order 57 pv G9 info move C9 visits 1 edgeVisits 1 utility -1.13636 winrate 0.00875807 scoreMean -7.49774 scoreStdev 5.0885 scoreLead -7.49774 scoreSelfplay -7.86529 prior 3.73519e-05 lcb -1.24124 utilityLcb -4.63636 weight 6.25957 isSymmetryOf A3 order 58 pv C9 info move G1 visits 1 edgeVisits 1 utility -1.13636 winrate 0.00875807 scoreMean -7.49774 scoreStdev 5.0885 scoreLead -7.49774 scoreSelfplay -7.86529 prior 3.73519e-05 lcb -1.24124 utilityLcb -4.63636 weight 6.25957 isSymmetryOf A3 order 59 pv G1 info move C1 visits 1 edgeVisits 1 utility -1.13636 winrate 0.00875807 scoreMean -7.49774 scoreStdev 5.0885 scoreLead -7.49774 scoreSelfplay -7.86529 prior 3.73519e-05 lcb -1.24124 utilityLcb -4.63636 weight 6.25957 isSymmetryOf A3 order 60 pv C1 info move A5 visits 1 edgeVisits 1 utility -1.1196 winrate 0.0128737 scoreMean -6.90953 scoreStdev 5.35564 scoreLead -6.90953 scoreSelfplay -7.50503 prior 3.70964e-05 lcb -1.23713 utilityLcb -4.6196 weight 6.04243 order 61 pv A5 info move J5 visits 1 edgeVisits 1 utility -1.1196 winrate 0.0128737 scoreMean -6.90953 scoreStdev 5.35564 scoreLead -6.90953 scoreSelfplay -7.50503 prior 3.70964e-05 lcb -1.23713 utilityLcb -4.6196 weight 6.04243 isSymmetryOf A5 order 62 pv J5 info move E9 visits 1 edgeVisits 1 utility -1.1196 winrate 0.0128737 scoreMean -6.90953 scoreStdev 5.35564 scoreLead -6.90953 scoreSelfplay -7.50503 prior 3.70964e-05 lcb -1.23713 utilityLcb -4.6196 weight 6.04243 isSymmetryOf A5 order 63 pv E9 info move E1 visits 1 edgeVisits 1 utility -1.1196 winrate 0.0128737 scoreMean -6.90953 scoreStdev 5.35564 scoreLead -6.90953 scoreSelfplay -7.50503 prior 3.70964e-05 lcb -1.23713 utilityLcb -4.6196 weight 6.04243 isSymmetryOf A5 order 64 pv E1 info move A2 visits 1 edgeVisits 1 utility -1.1508 winrate 0.00715709 scoreMean -8.00699 scoreStdev 5.09553 scoreLead -8.00699 scoreSelfplay -8.5111 prior 3.63912e-05 lcb -1.24284 utilityLcb -4.6508 weight 6.34177 order 65 pv A2 info move A8 visits 1 edgeVisits 1 utility -1.1508 winrate 0.00715709 scoreMean -8.00699 scoreStdev 5.09553 scoreLead -8.00699 scoreSelfplay -8.5111 prior 3.63912e-05 lcb -1.24284 utilityLcb -4.6508 weight 6.34177 isSymmetryOf A2 order 66 pv A8 info move J2 visits 1 edgeVisits 1 utility -1.1508 winrate 0.00715709 scoreMean -8.00699 scoreStdev 5.09553 scoreLead -8.00699 scoreSelfplay -8.5111 prior 3.63912e-05 lcb -1.24284 utilityLcb -4.6508 weight 6.34177 isSymmetryOf A2 order 67 pv J2 info move J8 visits 1 edgeVisits 1 utility -1.1508 winrate 0.00715709 scoreMean -8.00699 scoreStdev 5.09553 scoreLead -8.00699 scoreSelfplay -8.5111 prior 3.63912e-05 lcb -1.24284 utilityLcb -4.6508 weight 6.34177 isSymmetryOf A2 order 68 pv J8 info move H9 visits 1 edgeVisits 1 utility -1.1508 winrate 0.00715709 scoreMean -8.00699 scoreStdev 5.09553 scoreLead -8.00699 scoreSelfplay -8.5111 prior 3.63912e-05 lcb -1.24284 utilityLcb -4.6508 weight 6.34177 isSymmetryOf A2 order 69 pv H9 info move B9 visits 1 edgeVisits 1 utility -1.1508 winrate 0.00715709 scoreMean -8.00699 scoreStdev 5.09553 scoreLead -8.00699 scoreSelfplay -8.5111 prior 3.63912e-05 lcb -1.24284 utilityLcb -4.6508 weight 6.34177 isSymmetryOf A2 order 70 pv B9 info move H1 visits 1 edgeVisits 1 utility -1.1508 winrate 0.00715709 scoreMean -8.00699 scoreStdev 5.09553 scoreLead -8.00699 scoreSelfplay -8.5111 prior 3.63912e-05 lcb -1.24284 utilityLcb -4.6508 weight 6.34177 isSymmetryOf A2 order 71 pv H1 info move B1 visits 1 edgeVisits 1 utility -1.1508 winrate 0.00715709 scoreMean -8.00699 scoreStdev 5.09553 scoreLead -8.00699 scoreSelfplay -8.5111 prior 3.63912e-05 lcb -1.24284 utilityLcb -4.6508 weight 6.34177 isSymmetryOf A2 order 72 pv B1 info move A4 visits 1 edgeVisits 1 utility -1.12636 winrate 0.0110501 scoreMean -7.07333 scoreStdev 5.25848 scoreLead -7.07333 scoreSelfplay -7.63546 prior 3.19045e-05 lcb -1.23895 utilityLcb -4.62636 weight 6.14762 order 73 pv A4 info move A6 visits 1 edgeVisits 1 utility -1.12636 winrate 0.0110501 scoreMean -7.07333 scoreStdev 5.25848 scoreLead -7.07333 scoreSelfplay -7.63546 prior 3.19045e-05 lcb -1.23895 utilityLcb -4.62636 weight 6.14762 isSymmetryOf A4 order 74 pv A6 info move J4 visits 1 edgeVisits 1 utility -1.12636 winrate 0.0110501 scoreMean -7.07333 scoreStdev 5.25848 scoreLead -7.07333 scoreSelfplay -7.63546 prior 3.19045e-05 lcb -1.23895 utilityLcb -4.62636 weight 6.14762 isSymmetryOf A4 order 75 pv J4 info move J6 visits 1 edgeVisits 1 utility -1.12636 winrate 0.0110501 scoreMean -7.07333 scoreStdev 5.25848 scoreLead -7.07333 scoreSelfplay -7.63546 prior 3.19045e-05 lcb -1.23895 utilityLcb -4.62636 weight 6.14762 isSymmetryOf A4 order 76 pv J6 info move F9 visits 1 edgeVisits 1 utility -1.12636 winrate 0.0110501 scoreMean -7.07333 scoreStdev 5.25848 scoreLead -7.07333 scoreSelfplay -7.63546 prior 3.19045e-05 lcb -1.23895 utilityLcb -4.62636 weight 6.14762 isSymmetryOf A4 order 77 pv F9 info move D9 visits 1 edgeVisits 1 utility -1.12636 winrate 0.0110501 scoreMean -7.07333 scoreStdev 5.25848 scoreLead -7.07333 scoreSelfplay -7.63546 prior 3.19045e-05 lcb -1.23895 utilityLcb -4.62636 weight 6.14762 isSymmetryOf A4 order 78 pv D9 info move F1 visits 1 edgeVisits 1 utility -1.12636 winrate 0.0110501 scoreMean -7.07333 scoreStdev 5.25848 scoreLead -7.07333 scoreSelfplay -7.63546 prior 3.19045e-05 lcb -1.23895 utilityLcb -4.62636 weight 6.14762 isSymmetryOf A4 order 79 pv F1 info move D1 visits 1 edgeVisits 1 utility -1.12636 winrate 0.0110501 scoreMean -7.07333 scoreStdev 5.25848 scoreLead -7.07333 scoreSelfplay -7.63546 prior 3.19045e-05 lcb -1.23895 utilityLcb -4.62636 weight 6.14762 isSymmetryOf A4 order 80 pv D1 rootInfo visits 30 utility -0.797737 winrate 0.117297 scoreMean -0.96409 scoreStdev 8.47674 scoreLead -0.96409 scoreSelfplay -2.49202 weight 42.9162 rawStWrError 0.182038 rawStScoreError 0.574105 rawVarTimeLeft 5.18006
play C5

=
info move G6 visits 15 edgeVisits 15 utility 0.778515 winrate 0.881055 scoreMean 1.20784 scoreStdev 8.32724 scoreLead 1.20784 scoreSelfplay 2.53547 prior 0.20254 lcb 0.852659 utilityLcb 0.699007 weight 26.755 order 0 pv G6 F3 D4 G4 D7 C7 E2 info move G4 visits 15 edgeVisits 15 utility 0.778515 winrate 0.881055 scoreMean 1.20784 scoreStdev 8.32724 scoreLead 1.20784 scoreSelfplay 2.53547 prior 0.20254 lcb 0.852659 utilityLcb 0.699007 weight 26.755 isSymmetryOf G6 order 1 pv G4 F7 D6 G6 D3 C3 E8 info move C6 visits 13 edgeVisits 13 utility 0.739107 winrate 0.874178 scoreMean 0.963067 scoreStdev 8.34085 scoreLead 0.963067 scoreSelfplay 2.36604 prior 0.262276 lcb 0.835147 utilityLcb 0.629822 weight 19.5338 order 2 pv C6 G6 F7 B6 C7 D5 E4 info move C4 visits 13 edgeVisits 13 utility 0.739107 winrate 0.874178 scoreMean 0.963067 scoreStdev 8.34085 scoreLead 0.963067 scoreSelfplay 2.36604 prior 0.262276 lcb 0.835147 utilityLcb 0.629822 weight 19.5338 isSymmetryOf C6 order 3 pv C4 G4 F3 B4 C3 D5 E6 info move G5 visits 1 edgeVisits 1 utility 0.652596 winrate 0.831772 scoreMean 0.396963 scoreStdev 7.80322 scoreLead 0.396963 scoreSelfplay 1.18387 prior 0.0254601 lcb -0.418228 utilityLcb -2.8474 weight 1.24633 order 4 pv G5 rootInfo visits 30 utility 0.767549 winrate 0.879558 scoreMean 1.10641 scoreStdev 8.34209 scoreLead 1.10641 scoreSelfplay 2.48459 weight 49.5438 rawStWrError 0.0713709 rawStScoreError 0.691656 rawVarTimeLeft 4.91346
play G6

