= 

=
info move K16 visits 4 edgeVisits 4 utility 0.248268 winrate 0.620033 scoreMean 1.40248 scoreStdev 16.5324 scoreLead 1.40248 scoreSelfplay 1.86621 prior 0.253962 lcb 0.424709 utilityLcb -0.259573 weight 4 order 0 pv K16 F9 F7 info move J15 visits 5 edgeVisits 5 utility 0.258551 winrate 0.624653 scoreMean 1.51365 scoreStdev 16.9377 scoreLead 1.51365 scoreSelfplay 2.12003 prior 0.194048 lcb 0.459474 utilityLcb -0.170914 weight 5 order 1 pv J15 F9 F7 info move Q4 visits 11 edgeVisits 0 utility -0.0974988 winrate 0.453661 scoreMean -0.670183 scoreStdev 17.2528 scoreLead -0.670183 scoreSelfplay -1.12331 prior 0.0207514 lcb -4.54634 utilityLcb -13 weight 11 order 2 pv Q4 J16 H17 R6 info move R7 visits 4 edgeVisits 0 utility 0.0144241 winrate 0.507584 scoreMean -0.0122171 scoreStdev 16.4179 scoreLead -0.0122171 scoreSelfplay -0.183195 prior 0.0893012 lcb -4.49242 utilityLcb -13 weight 4 order 3 pv R7 R8 Q7 info move S3 visits 2 edgeVisits 0 utility -0.145928 winrate 0.430669 scoreMean -1.1819 scoreStdev 16.941 scoreLead -1.1819 scoreSelfplay -1.70028 prior 0.00875924 lcb -4.56933 utilityLcb -13 weight 2 order 4 pv S3 F9 info move S4 visits 1 edgeVisits 0 utility -0.772811 winrate 0.13047 scoreMean -7.63606 scoreStdev 18.7133 scoreLead -7.63606 scoreSelfplay -8.00078 prior 1.67249e-05 lcb -4.86953 utilityLcb -13 weight 1 order 5 pv S4 info move R6 visits 1 edgeVisits 0 utility -0.289645 winrate 0.360394 scoreMean -1.68037 scoreStdev 17.8679 scoreLead -1.68037 scoreSelfplay -2.42895 prior 0.00171169 lcb -4.63961 utilityLcb -13 weight 1 order 6 pv R6 info move R8 visits 1 edgeVisits 0 utility -0.209528 winrate 0.39878 scoreMean -1.05839 scoreStdev 17.584 scoreLead -1.05839 scoreSelfplay -1.64364 prior 0.0620408 lcb -4.60122 utilityLcb -13 weight 1 order 7 pv R8
play Q4

