=
info move E5 visits 477 edgeVisits 477 utility -0.795307 winrate 0.107267 scoreMean -0.764494 scoreStdev 7.67934 scoreLead -0.764494 scoreSelfplay -1.87366 prior 0.581668 lcb 0.101952 utilityLcb -0.81019 weight 793.365 order 0 pv E5 E3 C4 D7 F7 C6 F3 F2 G3 E4 F5 D5 D2 E2 info move F5 visits 21 edgeVisits 21 utility -0.821235 winrate 0.0996323 scoreMean -0.597714 scoreStdev 6.9063 scoreLead -0.597714 scoreSelfplay -1.73771 prior 0.086174 lcb 0.0857418 utilityLcb -0.860128 weight 39.1562 order 1 pv F5 D5 E7 D3 C6 C5 B6 H5 G5 info move D5 visits 21 edgeVisits 21 utility -0.821235 winrate 0.0996323 scoreMean -0.597714 scoreStdev 6.9063 scoreLead -0.597714 scoreSelfplay -1.73771 prior 0.086174 lcb 0.0857418 utilityLcb -0.860128 weight 39.1562 isSymmetryOf F5 order 2 pv D5 F5 E7 F3 G6 G5 H6 B5 C5 info move E4 visits 21 edgeVisits 21 utility -0.821235 winrate 0.0996323 scoreMean -0.597714 scoreStdev 6.9063 scoreLead -0.597714 scoreSelfplay -1.73771 prior 0.086174 lcb 0.0857418 utilityLcb -0.860128 weight 39.1562 isSymmetryOf F5 order 3 pv E4 E6 C5 G6 D7 E7 D8 E2 E3 info move E6 visits 21 edgeVisits 21 utility -0.821235 winrate 0.0996323 scoreMean -0.597714 scoreStdev 6.9063 scoreLead -0.597714 scoreSelfplay -1.73771 prior 0.086174 lcb 0.0857418 utilityLcb -0.860128 weight 39.1562 isSymmetryOf F5 order 4 pv E6 E4 C5 G4 D3 E3 D2 E8 E7 info move F6 visits 1 edgeVisits 1 utility -0.830159 winrate 0.0879159 scoreMean -0.278552 scoreStdev 5.08659 scoreLead -0.278552 scoreSelfplay -1.5499 prior 0.0072449 lcb -1.16208 utilityLcb -4.33016 weight 2.30542 order 5 pv F6 info move F4 visits 1 edgeVisits 1 utility -0.830159 winrate 0.0879159 scoreMean -0.278552 scoreStdev 5.08659 scoreLead -0.278552 scoreSelfplay -1.5499 prior 0.0072449 lcb -1.16208 utilityLcb -4.33016 weight 2.30542 isSymmetryOf F6 order 6 pv F4 info move D6 visits 1 edgeVisits 1 utility -0.830159 winrate 0.0879159 scoreMean -0.278552 scoreStdev 5.08659 scoreLead -0.278552 scoreSelfplay -1.5499 prior 0.0072449 lcb -1.16208 utilityLcb -4.33016 weight 2.30542 isSymmetryOf F6 order 7 pv D6 info move D4 visits 1 edgeVisits 1 utility -0.830159 winrate 0.0879159 scoreMean -0.278552 scoreStdev 5.08659 scoreLead -0.278552 scoreSelfplay -1.5499 prior 0.0072449 lcb -1.16208 utilityLcb -4.33016 weight 2.30542 isSymmetryOf F6 order 8 pv D4
play E5

=
info move E5 visits 477 edgeVisits 477 utility -0.795031 winrate 0.107266 scoreMean -0.764454 scoreStdev 7.67936 scoreLead -0.764454 scoreSelfplay -1.87365 prior 0.581668 lcb 0.101998 utilityLcb -0.809781 weight 793.378 order 0 pv E5 E3 C4 D7 F7 C6 F3 F2 G3 E4 F5 D5 D2 E2 info move F5 visits 21 edgeVisits 21 utility -0.821511 winrate 0.0996322 scoreMean -0.597717 scoreStdev 6.9063 scoreLead -0.597717 scoreSelfplay -1.73771 prior 0.086174 lcb 0.0857409 utilityLcb -0.860407 weight 39.1565 order 1 pv F5 D5 E7 D3 C6 C5 B6 H5 G5 info move D5 visits 21 edgeVisits 21 utility -0.821511 winrate 0.0996322 scoreMean -0.597717 scoreStdev 6.9063 scoreLead -0.597717 scoreSelfplay -1.73771 prior 0.086174 lcb 0.0857409 utilityLcb -0.860407 weight 39.1565 isSymmetryOf F5 order 2 pv D5 F5 E7 F3 G6 G5 H6 B5 C5 info move E4 visits 21 edgeVisits 21 utility -0.821511 winrate 0.0996322 scoreMean -0.597717 scoreStdev 6.9063 scoreLead -0.597717 scoreSelfplay -1.73771 prior 0.086174 lcb 0.0857409 utilityLcb -0.860407 weight 39.1565 isSymmetryOf F5 order 3 pv E4 E6 C5 G6 D7 E7 D8 E2 E3 info move E6 visits 21 edgeVisits 21 utility -0.821511 winrate 0.0996322 scoreMean -0.597717 scoreStdev 6.9063 scoreLead -0.597717 scoreSelfplay -1.73771 prior 0.086174 lcb 0.0857409 utilityLcb -0.860407 weight 39.1565 isSymmetryOf F5 order 4 pv E6 E4 C5 G4 D3 E3 D2 E8 E7 info move F6 visits 1 edgeVisits 1 utility -0.830465 winrate 0.0879159 scoreMean -0.278552 scoreStdev 5.08659 scoreLead -0.278552 scoreSelfplay -1.5499 prior 0.0072449 lcb -1.16208 utilityLcb -4.33046 weight 2.30542 order 5 pv F6 info move F4 visits 1 edgeVisits 1 utility -0.830465 winrate 0.0879159 scoreMean -0.278552 scoreStdev 5.08659 scoreLead -0.278552 scoreSelfplay -1.5499 prior 0.0072449 lcb -1.16208 utilityLcb -4.33046 weight 2.30542 isSymmetryOf F6 order 6 pv F4 info move D6 visits 1 edgeVisits 1 utility -0.830465 winrate 0.0879159 scoreMean -0.278552 scoreStdev 5.08659 scoreLead -0.278552 scoreSelfplay -1.5499 prior 0.0072449 lcb -1.16208 utilityLcb -4.33046 weight 2.30542 isSymmetryOf F6 order 7 pv D6 info move D4 visits 1 edgeVisits 1 utility -0.830465 winrate 0.0879159 scoreMean -0.278552 scoreStdev 5.08659 scoreLead -0.278552 scoreSelfplay -1.5499 prior 0.0072449 lcb -1.16208 utilityLcb -4.33046 weight 2.30542 isSymmetryOf F6 order 8 pv D4
play E5

= 

=
play cancelled

= cancelled

